test output placeholder